PS C:\Users\user\Desktop\git_challenge> git add hello_world.txt
PS C:\Users\user\Desktop\git_challenge> git commit -m "1回目のコミット"
[main 829119e] 1回目のコミット
 1 file changed, 1 insertion(+), 1 deletion(-)
PS C:\Users\user\Desktop\git_challenge> git add hello_world.txt
PS C:\Users\user\Desktop\git_challenge> git commit -m "2回目のコミット"
[main 1c50894] 2回目のコミット 
 1 file changed, 1 insertion(+)
PS C:\Users\user\Desktop\git_challenge> git log --oneline
1c50894 (HEAD -> main) 2回目のコミット
829119e 1回目のコミット
b0c3a39 1回目のコミット
PS C:\Users\user\Desktop\git_challenge> 